******************************************************************************
               TMS320C6x Linker PC v7.3.4                      
******************************************************************************
>> Linked Mon Oct 20 10:09:34 2014

OUTPUT FILE NAME:   <Ex01a.out>
ENTRY POINT SYMBOL: "_c_int00"  address: 00007880


MEMORY CONFIGURATION

         name            origin    length      used     unused   attr    fill
----------------------  --------  ---------  --------  --------  ----  --------
  IRAM                  00000000   00030000  0000953b  00026ac5  RWIX
  L2RAM                 00030000   00010000  00000000  00010000  RWIX
  EMIFCE0               80000000   10000000  00000000  10000000  RWIX
  EMIFCE1               90000000   10000000  00000000  10000000  RWIX
  EMIFCE2               a0000000   10000000  00000000  10000000  RWIX
  EMIFCE3               b0000000   10000000  00000000  10000000  RWIX


SECTION ALLOCATION MAP

 output                                  attributes/
section   page    origin      length       input sections
--------  ----  ----------  ----------   ----------------
.text      0    00000000    00007c40     
                  00000000    00000740     rts6700.lib : divd.obj (.text:__divd)
                  00000740    000006c0                 : _printfi.obj (.text:__getarg_diouxp)
                  00000e00    000005c0                 : _printfi.obj (.text:__setfield)
                  000013c0    00000560                 : _printfi.obj (.text:__printfi)
                  00001920    00000420                 : _printfi.obj (.text:_fcvt)
                  00001d40    00000400                 : _printfi.obj (.text:_ecvt)
                  00002140    000003e0                 : _printfi.obj (.text:__pproc_fge)
                  00002520    000003c0                 : fputs.obj (.text:_fputs)
                  000028e0    00000380                 : imath64.obj (.text:__divull)
                  00002c60    00000380                 : memory.obj (.text:_free)
                  00002fe0    00000360                 : _printfi.obj (.text:__pconv_e)
                  00003340    00000360                 : _printfi.obj (.text:__pproc_fwp)
                  000036a0    00000300                 : _printfi.obj (.text:__pproc_diouxp)
                  000039a0    000002c0                 : _printfi.obj (.text:__pconv_g)
                  00003c60    000002c0                 : _printfi.obj (.text:__pproc_str)
                  00003f20    00000260                 : imath40.obj (.text:__divul)
                  00004180    00000240                 : _printfi.obj (.text:__mcpy)
                  000043c0    00000240                 : memory.obj (.text:_malloc)
                  00004600    00000240                 : memcpy62.obj (.text:_memcpy)
                  00004840    00000220                 : trgdrv.obj (.text:_HOSTrename)
                  00004a60    00000200                 : setvbuf.obj (.text:_setvbuf)
                  00004c60    000001e0                 : lowlev.obj (.text:_getdevice)
                  00004e40    000001c0                 : _printfi.obj (.text:__ltostr)
                  00005000    000001a0                 : _printfi.obj (.text:__pproc_fflags)
                  000051a0    000001a0                 : fputc.obj (.text:_fputc)
                  00005340    00000160                 : trgdrv.obj (.text:_HOSTlseek)
                  000054a0    00000160                 : autoinit.obj (.text:__auto_init)
                  00005600    00000160                 : fclose.obj (.text:_fclose)
                  00005760    00000140                 : trgdrv.obj (.text:_HOSTread)
                  000058a0    00000140                 : frcmpyd_div.obj (.text:__frcmpyd_div)
                  000059e0    00000140                 : atoi.obj (.text:_atoi)
                  00005b20    00000120                 : trgdrv.obj (.text:_HOSTopen)
                  00005c40    00000120                 : trgdrv.obj (.text:_HOSTwrite)
                  00005d60    00000120                 : fopen.obj (.text:__cleanup)
                  00005e80    00000120                 : _io_perm.obj (.text:__wrt_ok)
                  00005fa0    00000120                 : lowlev.obj (.text:_close)
                  000060c0    00000120                 : exit.obj (.text:_exit)
                  000061e0    00000120                 : lowlev.obj (.text:_lseek)
                  00006300    00000120                 : ltoa.obj (.text:_ltoa)
                  00006420    00000120                 : memset.obj (.text:_memset)
                  00006540    00000120                 : lowlev.obj (.text:_write)
                  00006660    00000100                 : trgdrv.obj (.text:_HOSTclose)
                  00006760    00000100                 : trgdrv.obj (.text:_HOSTunlink)
                  00006860    00000100                 : _printfi.obj (.text:__div)
                  00006960    00000100                 : imath40.obj (.text:__divli)
                  00006a60    00000100                 : _printfi.obj (.text:__pconv_f)
                  00006b60    00000100                 : fseek.obj (.text:_fseek)
                  00006c60    000000e0                 : fflush.obj (.text:__doflush)
                  00006d40    000000e0                 : _printfi.obj (.text:__ecpy)
                  00006e20    000000e0                 : _printfi.obj (.text:__fcpy)
                  00006f00    000000e0                 : memory.obj (.text:_minsert)
                  00006fe0    000000e0                 : memory.obj (.text:_mremove)
                  000070c0    000000c0                 : divu.obj (.text:__divu)
                  00007180    000000c0                 : cpy_tbl.obj (.text:_copy_in)
                  00007240    000000c0                 : lowlev.obj (.text:_finddevice)
                  00007300    000000c0                 : printf.obj (.text:_printf)
                  000073c0    000000a0                 : fixdli.obj (.text:__fixdli)
                  00007460    000000a0                 : mpyll.obj (.text:__mpyll)
                  00007500    000000a0                 : imath40.obj (.text:__remli)
                  000075a0    000000a0                 : trgmsg.obj (.text:_readmsg)
                  00007640    000000a0                 : lowlev.obj (.text:_unlink)
                  000076e0    000000a0                 : trgmsg.obj (.text:_writemsg)
                  00007780    00000080                 : fltlid.obj (.text:__fltlid)
                  00007800    00000080                 : llshift.obj (.text:__llshl)
                  00007880    00000080                 : boot.obj (.text:_c_int00)
                  00007900    00000080                 : memccpy.obj (.text:_memccpy)
                  00007980    00000060                 : isinf.obj (.text:___isinf)
                  000079e0    00000060                 : llshift.obj (.text:__llshru)
                  00007a40    00000060                 : imath64.obj (.text:__subcull)
                  00007aa0    00000060     main.obj (.text)
                  00007b00    00000040     rts6700.lib : _printfi.obj (.text:___isnan)
                  00007b40    00000040                 : args_main.obj (.text:__args_main)
                  00007b80    00000020                 : negll.obj (.text:__negll)
                  00007ba0    00000020                 : _lock.obj (.text:__nop)
                  00007bc0    00000020                 : printf.obj (.text:__outc)
                  00007be0    00000020                 : printf.obj (.text:__outs)
                  00007c00    00000020                 : exit.obj (.text:_abort)
                  00007c20    00000020                 : remove.obj (.text:_remove)

.bss       0    00000000    00000000     UNINITIALIZED

.data      0    00000000    00000000     UNINITIALIZED

.pinit     0    00000000    00000000     UNINITIALIZED

.stack     0    00007c40    00000800     UNINITIALIZED
                  00007c40    00000008     rts6700.lib : boot.obj (.stack)
                  00007c48    000007f8     --HOLE--

.sysmem    0    00008440    00000800     UNINITIALIZED
                  00008440    00000008     rts6700.lib : memory.obj (.sysmem)
                  00008448    000007f8     --HOLE--

.far       0    00008c40    00000530     UNINITIALIZED
                  00008c40    00000324     rts6700.lib : defs.obj (.far)
                  00008f64    0000011c                 : lowlev.obj (.far)
                  00009080    000000d0                 : trgdrv.obj (.far)
                  00009150    0000000c                 : exit.obj (.far)
                  0000915c    00000008                 : _lock.obj (.far)
                  00009164    00000008                 : memory.obj (.far)
                  0000916c    00000004                 : fopen.obj (.far)

.const     0    00009170    00000157     
                  00009170    00000101     rts6700.lib : ctype.obj (.const:__ctypes_)
                  00009271    00000002                 : fputs.obj (.const:.string)
                  00009273    00000001     --HOLE-- [fill = 0]
                  00009274    00000030     main.obj (.const:.string)
                  000092a4    00000023     rts6700.lib : _printfi.obj (.const:.string)

.cinit     0    000092c8    00000154     
                  000092c8    0000005c     rts6700.lib : defs.obj (.cinit)
                  00009324    00000004     --HOLE-- [fill = 0]
                  00009328    0000005c                 : lowlev.obj (.cinit)
                  00009384    00000004     --HOLE-- [fill = 0]
                  00009388    0000002c                 : exit.obj (.cinit)
                  000093b4    00000004     --HOLE-- [fill = 0]
                  000093b8    0000002c                 : memory.obj (.cinit)
                  000093e4    00000004     --HOLE-- [fill = 0]
                  000093e8    0000001c                 : _lock.obj (.cinit)
                  00009404    00000004     --HOLE-- [fill = 0]
                  00009408    0000000c                 : fopen.obj (.cinit)
                  00009414    00000004     --HOLE-- [fill = 0]
                  00009418    00000004     (.pad.cinit) [fill = 0]

.cio       0    0000941c    00000120     UNINITIALIZED
                  0000941c    00000120     rts6700.lib : trgmsg.obj (.cio)


GLOBAL SYMBOLS: SORTED ALPHABETICALLY BY Name 

address    name
--------   ----
00000000   $bss
00000000   .bss
00000000   .data
00000000   .text
00007c00   C$$EXIT
00007758   C$$IO$$
00006660   _HOSTclose
00005340   _HOSTlseek
00005b20   _HOSTopen
00005760   _HOSTread
00004840   _HOSTrename
00006760   _HOSTunlink
00005c40   _HOSTwrite
0000941c   __CIOBUF_
00008440   __STACK_END
00000800   __STACK_SIZE
00000800   __SYSMEM_SIZE
00000001   __TI_args_main
00009158   ___TI_enable_exit_profile_output
ffffffff   ___TI_pprof_out_hndl
ffffffff   ___TI_prof_data_size
ffffffff   ___TI_prof_data_start
ffffffff   ___binit__
00000000   ___bss__
ffffffff   ___c_args__
000092c8   ___cinit__
00000000   ___data__
00000000   ___edata__
00000000   ___end__
00007c40   ___etext__
00007980   ___isinf
ffffffff   ___pinit__
00000000   ___text__
00007b40   __args_main
000054a0   __auto_init
000070c0   __c6xabi_divu
00005d60   __cleanup
00009150   __cleanup_ptr
00009170   __ctypes_
00000000   __divd
00006960   __divli
000070c0   __divu
00003f20   __divul
000028e0   __divull
00006c60   __doflush
00009154   __dtors_ptr
000073c0   __fixdli
00007780   __fltlid
000058a0   __frcmpyd_div
00008f60   __ft_end
00008c40   __ftable
00007800   __llshl
000079e0   __llshru
0000915c   __lock
00007460   __mpyll
00007b80   __negll
00007ba0   __nop
000013c0   __printfi
00007500   __remli
00007c40   __stack
00007a40   __subcull
00008440   __sys_memory
00008e20   __tmpnams
00009160   __unlock
00005e80   __wrt_ok
00007c00   _abort
000059e0   _atoi
00007880   _c_int00
00005fa0   _close
00007180   _copy_in
000060c0   _exit
00005600   _fclose
000051a0   _fputc
00002520   _fputs
00002c60   _free
00006b60   _fseek
000061e0   _lseek
00006300   _ltoa
00007aa0   _main
000043c0   _malloc
00007900   _memccpy
00004600   _memcpy
00006420   _memset
00007300   _printf
000051a0   _putc
000075a0   _readmsg
00007c20   _remove
00004a60   _setvbuf
00007640   _unlink
00006540   _write
000076e0   _writemsg
ffffffff   binit
000092c8   cinit
00000000   edata
00000000   end
00007c40   etext
ffffffff   pinit


GLOBAL SYMBOLS: SORTED BY Symbol Address 

address    name
--------   ----
00000000   $bss
00000000   .bss
00000000   .data
00000000   .text
00000000   ___bss__
00000000   ___data__
00000000   ___edata__
00000000   ___end__
00000000   ___text__
00000000   __divd
00000000   edata
00000000   end
00000001   __TI_args_main
00000800   __STACK_SIZE
00000800   __SYSMEM_SIZE
000013c0   __printfi
00002520   _fputs
000028e0   __divull
00002c60   _free
00003f20   __divul
000043c0   _malloc
00004600   _memcpy
00004840   _HOSTrename
00004a60   _setvbuf
000051a0   _fputc
000051a0   _putc
00005340   _HOSTlseek
000054a0   __auto_init
00005600   _fclose
00005760   _HOSTread
000058a0   __frcmpyd_div
000059e0   _atoi
00005b20   _HOSTopen
00005c40   _HOSTwrite
00005d60   __cleanup
00005e80   __wrt_ok
00005fa0   _close
000060c0   _exit
000061e0   _lseek
00006300   _ltoa
00006420   _memset
00006540   _write
00006660   _HOSTclose
00006760   _HOSTunlink
00006960   __divli
00006b60   _fseek
00006c60   __doflush
000070c0   __c6xabi_divu
000070c0   __divu
00007180   _copy_in
00007300   _printf
000073c0   __fixdli
00007460   __mpyll
00007500   __remli
000075a0   _readmsg
00007640   _unlink
000076e0   _writemsg
00007758   C$$IO$$
00007780   __fltlid
00007800   __llshl
00007880   _c_int00
00007900   _memccpy
00007980   ___isinf
000079e0   __llshru
00007a40   __subcull
00007aa0   _main
00007b40   __args_main
00007b80   __negll
00007ba0   __nop
00007c00   C$$EXIT
00007c00   _abort
00007c20   _remove
00007c40   ___etext__
00007c40   __stack
00007c40   etext
00008440   __STACK_END
00008440   __sys_memory
00008c40   __ftable
00008e20   __tmpnams
00008f60   __ft_end
00009150   __cleanup_ptr
00009154   __dtors_ptr
00009158   ___TI_enable_exit_profile_output
0000915c   __lock
00009160   __unlock
00009170   __ctypes_
000092c8   ___cinit__
000092c8   cinit
0000941c   __CIOBUF_
ffffffff   ___TI_pprof_out_hndl
ffffffff   ___TI_prof_data_size
ffffffff   ___TI_prof_data_start
ffffffff   ___binit__
ffffffff   ___c_args__
ffffffff   ___pinit__
ffffffff   binit
ffffffff   pinit

[97 symbols]
